// Jest Snapshot v1, https://goo.gl/fbAQLP

exports[`Pruebas en el GifItem Esta prueba es para hacer match con el snapshot 1`] = `
<div>
  <div
    class=""
  >
    <img
      alt="Evangelion"
      src="https://github.com/"
    />
    <p>
      Evangelion
    </p>
    <button
      class=""
    >
      Copy Path
    </button>
  </div>
</div>
`;
